// Jest Snapshot, https://goo.gl/fbAQLP

exports[`Storyshots AutoImage Style Presets 1`] = `
<View
  onLayout={[Function]}
  style={
    Array [
      Object {
        "backgroundColor": "#f0f0f0",
        "flex": 1,
      },
      Object {
        "paddingBottom": 0,
      },
    ]
  }
>
  <View
    style={
      Object {
        "flex": 1,
      }
    }
  >
    <RCTScrollView
      keyboardShouldPersistTaps="handled"
    >
      <View>
        <View
          style={
            Object {
              "backgroundColor": "#eee",
            }
          }
        >
          <View
            style={
              Object {
                "borderBottomColor": "#e6e6e6",
                "borderBottomWidth": 1,
                "paddingBottom": 10,
                "paddingHorizontal": 10,
                "paddingTop": 20,
              }
            }
          >
            <View
              style={
                Object {
                  "borderTopColor": "#e6e6e6",
                  "borderTopWidth": 1,
                  "flexDirection": "row",
                  "left": 0,
                  "position": "absolute",
                  "right": 0,
                  "top": 0,
                }
              }
            >
              <Text
                style={
                  Object {
                    "color": "#666",
                    "fontSize": 10,
                    "paddingBottom": 2,
                    "paddingHorizontal": 4,
                  }
                }
              >
                Use Case
              </Text>
            </View>
            <View
              style={Object {}}
            >
              <Text
                style={
                  Object {
                    "color": "#3d3d3d",
                    "fontWeight": "600",
                  }
                }
              >
                With require()
              </Text>
            </View>
          </View>
          <View
            style={
              Object {
                "backgroundColor": "#fff",
                "padding": 10,
              }
            }
          >
            <RCTImageView
              internal_analyticTag={null}
              resizeMode="cover"
              source={
                Array [
                  Object {
                    "height": undefined,
                    "uri": undefined,
                    "width": undefined,
                  },
                ]
              }
              style={
                Object {
                  "height": 100,
                  "overflow": "hidden",
                  "width": 100,
                }
              }
            />
            <RCTImageView
              internal_analyticTag={null}
              resizeMode="cover"
              source={
                Array [
                  Object {
                    "height": undefined,
                    "uri": undefined,
                    "width": undefined,
                  },
                ]
              }
              style={
                Object {
                  "height": 100,
                  "overflow": "hidden",
                  "width": 150,
                }
              }
            />
            <RCTImageView
              internal_analyticTag={null}
              resizeMode="cover"
              source={
                Array [
                  Object {
                    "height": undefined,
                    "uri": undefined,
                    "width": undefined,
                  },
                ]
              }
              style={
                Object {
                  "height": 150,
                  "overflow": "hidden",
                  "width": 150,
                }
              }
            />
            <RCTImageView
              internal_analyticTag={null}
              resizeMode="cover"
              source={
                Array [
                  Object {
                    "height": undefined,
                    "uri": undefined,
                    "width": undefined,
                  },
                ]
              }
              style={
                Object {
                  "height": 150,
                  "overflow": "hidden",
                  "width": 100,
                }
              }
            />
            <RCTImageView
              internal_analyticTag={null}
              resizeMode="contain"
              source={
                Array [
                  Object {
                    "height": undefined,
                    "uri": undefined,
                    "width": undefined,
                  },
                ]
              }
              style={
                Object {
                  "height": 150,
                  "overflow": "hidden",
                  "resizeMode": "contain",
                  "width": 100,
                }
              }
            />
          </View>
        </View>
        <View
          style={
            Object {
              "backgroundColor": "#eee",
            }
          }
        >
          <View
            style={
              Object {
                "borderBottomColor": "#e6e6e6",
                "borderBottomWidth": 1,
                "paddingBottom": 10,
                "paddingHorizontal": 10,
                "paddingTop": 20,
              }
            }
          >
            <View
              style={
                Object {
                  "borderTopColor": "#e6e6e6",
                  "borderTopWidth": 1,
                  "flexDirection": "row",
                  "left": 0,
                  "position": "absolute",
                  "right": 0,
                  "top": 0,
                }
              }
            >
              <Text
                style={
                  Object {
                    "color": "#666",
                    "fontSize": 10,
                    "paddingBottom": 2,
                    "paddingHorizontal": 4,
                  }
                }
              >
                Use Case
              </Text>
            </View>
            <View
              style={Object {}}
            >
              <Text
                style={
                  Object {
                    "color": "#3d3d3d",
                    "fontWeight": "600",
                  }
                }
              >
                With URL
              </Text>
            </View>
          </View>
          <View
            style={
              Object {
                "backgroundColor": "#fff",
                "padding": 10,
              }
            }
          >
            <RCTImageView
              internal_analyticTag={null}
              resizeMode="cover"
              source={
                Array [
                  Object {
                    "uri": "https://rickandmortyapi.com/api/character/avatar/2.jpeg",
                  },
                ]
              }
              style={
                Object {
                  "height": 100,
                  "overflow": "hidden",
                  "width": 100,
                }
              }
            />
            <RCTImageView
              internal_analyticTag={null}
              resizeMode="cover"
              source={
                Array [
                  Object {
                    "uri": "https://rickandmortyapi.com/api/character/avatar/2.jpeg",
                  },
                ]
              }
              style={
                Object {
                  "height": 100,
                  "overflow": "hidden",
                  "width": 150,
                }
              }
            />
            <RCTImageView
              internal_analyticTag={null}
              resizeMode="cover"
              source={
                Array [
                  Object {
                    "uri": "https://rickandmortyapi.com/api/character/avatar/2.jpeg",
                  },
                ]
              }
              style={
                Object {
                  "height": 150,
                  "overflow": "hidden",
                  "width": 150,
                }
              }
            />
            <RCTImageView
              internal_analyticTag={null}
              resizeMode="cover"
              source={
                Array [
                  Object {
                    "uri": "https://rickandmortyapi.com/api/character/avatar/2.jpeg",
                  },
                ]
              }
              style={
                Object {
                  "height": 150,
                  "overflow": "hidden",
                  "width": 100,
                }
              }
            />
            <RCTImageView
              internal_analyticTag={null}
              resizeMode="contain"
              source={
                Array [
                  Object {
                    "uri": "https://rickandmortyapi.com/api/character/avatar/2.jpeg",
                  },
                ]
              }
              style={
                Object {
                  "height": 150,
                  "overflow": "hidden",
                  "resizeMode": "contain",
                  "width": 100,
                }
              }
            />
          </View>
        </View>
      </View>
    </RCTScrollView>
  </View>
</View>
`;

exports[`Storyshots Button Style Presets 1`] = `
<View
  onLayout={[Function]}
  style={
    Array [
      Object {
        "backgroundColor": "#f0f0f0",
        "flex": 1,
      },
      Object {
        "paddingBottom": 0,
      },
    ]
  }
>
  <View
    style={
      Object {
        "flex": 1,
      }
    }
  >
    <RCTScrollView
      keyboardShouldPersistTaps="handled"
    >
      <View>
        <View
          style={
            Object {
              "backgroundColor": "#eee",
            }
          }
        >
          <View
            style={
              Object {
                "borderBottomColor": "#e6e6e6",
                "borderBottomWidth": 1,
                "paddingBottom": 10,
                "paddingHorizontal": 10,
                "paddingTop": 20,
              }
            }
          >
            <View
              style={
                Object {
                  "borderTopColor": "#e6e6e6",
                  "borderTopWidth": 1,
                  "flexDirection": "row",
                  "left": 0,
                  "position": "absolute",
                  "right": 0,
                  "top": 0,
                }
              }
            >
              <Text
                style={
                  Object {
                    "color": "#666",
                    "fontSize": 10,
                    "paddingBottom": 2,
                    "paddingHorizontal": 4,
                  }
                }
              >
                Use Case
              </Text>
            </View>
            <View
              style={Object {}}
            >
              <Text
                style={
                  Object {
                    "color": "#3d3d3d",
                    "fontWeight": "600",
                  }
                }
              >
                Primary
              </Text>
            </View>
            <Text
              style={
                Object {
                  "color": "#666",
                  "fontSize": 10,
                  "paddingTop": 0,
                }
              }
            >
              The primary button.
            </Text>
          </View>
          <View
            style={
              Object {
                "backgroundColor": "#fff",
                "padding": 10,
              }
            }
          >
            <View
              accessible={true}
              focusable={true}
              onClick={[Function]}
              onResponderGrant={[Function]}
              onResponderMove={[Function]}
              onResponderRelease={[Function]}
              onResponderTerminate={[Function]}
              onResponderTerminationRequest={[Function]}
              onStartShouldSetResponder={[Function]}
              style={
                Object {
                  "alignItems": "center",
                  "backgroundColor": "#FBA928",
                  "borderRadius": 4,
                  "justifyContent": "center",
                  "opacity": 1,
                  "paddingHorizontal": 8,
                  "paddingVertical": 8,
                }
              }
            >
              <Text
                style={
                  Array [
                    Object {
                      "color": "#ffffff",
                      "fontFamily": "Helvetica",
                      "fontSize": 15,
                    },
                    Array [
                      Object {
                        "color": "#ffffff",
                        "fontSize": 9,
                        "paddingHorizontal": 12,
                      },
                      undefined,
                    ],
                  ]
                }
              >
                Click It
              </Text>
            </View>
          </View>
        </View>
        <View
          style={
            Object {
              "backgroundColor": "#eee",
            }
          }
        >
          <View
            style={
              Object {
                "borderBottomColor": "#e6e6e6",
                "borderBottomWidth": 1,
                "paddingBottom": 10,
                "paddingHorizontal": 10,
                "paddingTop": 20,
              }
            }
          >
            <View
              style={
                Object {
                  "borderTopColor": "#e6e6e6",
                  "borderTopWidth": 1,
                  "flexDirection": "row",
                  "left": 0,
                  "position": "absolute",
                  "right": 0,
                  "top": 0,
                }
              }
            >
              <Text
                style={
                  Object {
                    "color": "#666",
                    "fontSize": 10,
                    "paddingBottom": 2,
                    "paddingHorizontal": 4,
                  }
                }
              >
                Use Case
              </Text>
            </View>
            <View
              style={Object {}}
            >
              <Text
                style={
                  Object {
                    "color": "#3d3d3d",
                    "fontWeight": "600",
                  }
                }
              >
                Disabled
              </Text>
            </View>
            <Text
              style={
                Object {
                  "color": "#666",
                  "fontSize": 10,
                  "paddingTop": 0,
                }
              }
            >
              The disabled behaviour of the primary button.
            </Text>
          </View>
          <View
            style={
              Object {
                "backgroundColor": "#fff",
                "padding": 10,
              }
            }
          >
            <View
              accessible={true}
              focusable={true}
              onClick={[Function]}
              onResponderGrant={[Function]}
              onResponderMove={[Function]}
              onResponderRelease={[Function]}
              onResponderTerminate={[Function]}
              onResponderTerminationRequest={[Function]}
              onStartShouldSetResponder={[Function]}
              style={
                Object {
                  "alignItems": "center",
                  "backgroundColor": "#FBA928",
                  "borderRadius": 4,
                  "justifyContent": "center",
                  "opacity": 1,
                  "paddingHorizontal": 8,
                  "paddingVertical": 8,
                }
              }
            >
              <Text
                style={
                  Array [
                    Object {
                      "color": "#ffffff",
                      "fontFamily": "Helvetica",
                      "fontSize": 15,
                    },
                    Array [
                      Object {
                        "color": "#ffffff",
                        "fontSize": 9,
                        "paddingHorizontal": 12,
                      },
                      undefined,
                    ],
                  ]
                }
              >
                Click It
              </Text>
            </View>
          </View>
        </View>
        <View
          style={
            Object {
              "backgroundColor": "#eee",
            }
          }
        >
          <View
            style={
              Object {
                "borderBottomColor": "#e6e6e6",
                "borderBottomWidth": 1,
                "paddingBottom": 10,
                "paddingHorizontal": 10,
                "paddingTop": 20,
              }
            }
          >
            <View
              style={
                Object {
                  "borderTopColor": "#e6e6e6",
                  "borderTopWidth": 1,
                  "flexDirection": "row",
                  "left": 0,
                  "position": "absolute",
                  "right": 0,
                  "top": 0,
                }
              }
            >
              <Text
                style={
                  Object {
                    "color": "#666",
                    "fontSize": 10,
                    "paddingBottom": 2,
                    "paddingHorizontal": 4,
                  }
                }
              >
                Use Case
              </Text>
            </View>
            <View
              style={Object {}}
            >
              <Text
                style={
                  Object {
                    "color": "#3d3d3d",
                    "fontWeight": "600",
                  }
                }
              >
                Array Style
              </Text>
            </View>
            <Text
              style={
                Object {
                  "color": "#666",
                  "fontSize": 10,
                  "paddingTop": 0,
                }
              }
            >
              Button with array style
            </Text>
          </View>
          <View
            style={
              Object {
                "backgroundColor": "#fff",
                "padding": 10,
              }
            }
          >
            <View
              accessible={true}
              focusable={true}
              onClick={[Function]}
              onResponderGrant={[Function]}
              onResponderMove={[Function]}
              onResponderRelease={[Function]}
              onResponderTerminate={[Function]}
              onResponderTerminationRequest={[Function]}
              onStartShouldSetResponder={[Function]}
              style={
                Object {
                  "alignItems": "center",
                  "backgroundColor": "#FBA928",
                  "borderRadius": 0,
                  "justifyContent": "center",
                  "opacity": 1,
                  "paddingHorizontal": 8,
                  "paddingVertical": 100,
                }
              }
            >
              <Text
                style={
                  Array [
                    Object {
                      "color": "#ffffff",
                      "fontFamily": "Helvetica",
                      "fontSize": 15,
                    },
                    Array [
                      Object {
                        "color": "#ffffff",
                        "fontSize": 9,
                        "paddingHorizontal": 12,
                      },
                      Array [
                        Object {
                          "fontSize": 20,
                        },
                        Object {
                          "color": "#a511dc",
                        },
                      ],
                    ],
                  ]
                }
              >
                Click It
              </Text>
            </View>
          </View>
        </View>
      </View>
    </RCTScrollView>
  </View>
</View>
`;

exports[`Storyshots Header Behavior 1`] = `
<View
  onLayout={[Function]}
  style={
    Array [
      Object {
        "backgroundColor": "#f0f0f0",
        "flex": 1,
      },
      Object {
        "paddingBottom": 0,
      },
    ]
  }
>
  <View
    style={
      Object {
        "flex": 1,
      }
    }
  >
    <RCTScrollView
      keyboardShouldPersistTaps="handled"
    >
      <View>
        <View
          style={
            Object {
              "backgroundColor": "#eee",
            }
          }
        >
          <View
            style={
              Object {
                "borderBottomColor": "#e6e6e6",
                "borderBottomWidth": 1,
                "paddingBottom": 10,
                "paddingHorizontal": 10,
                "paddingTop": 20,
              }
            }
          >
            <View
              style={
                Object {
                  "borderTopColor": "#e6e6e6",
                  "borderTopWidth": 1,
                  "flexDirection": "row",
                  "left": 0,
                  "position": "absolute",
                  "right": 0,
                  "top": 0,
                }
              }
            >
              <Text
                style={
                  Object {
                    "color": "#666",
                    "fontSize": 10,
                    "paddingBottom": 2,
                    "paddingHorizontal": 4,
                  }
                }
              >
                Use Case
              </Text>
            </View>
            <View
              style={Object {}}
            >
              <Text
                style={
                  Object {
                    "color": "#3d3d3d",
                    "fontWeight": "600",
                  }
                }
              >
                default
              </Text>
            </View>
            <Text
              style={
                Object {
                  "color": "#666",
                  "fontSize": 10,
                  "paddingTop": 0,
                }
              }
            >
              The default usage
            </Text>
          </View>
          <View
            style={
              Object {
                "backgroundColor": "#fff",
                "padding": 0,
              }
            }
          >
            <View
              style={
                Object {
                  "backgroundColor": "#1d1d1d",
                  "flex": 1,
                }
              }
            >
              <View
                style={
                  Array [
                    Object {
                      "alignItems": "center",
                      "flexDirection": "row",
                      "justifyContent": "flex-start",
                      "paddingBottom": 24,
                      "paddingLeft": 16,
                      "paddingRight": 16,
                      "paddingTop": 24,
                    },
                  ]
                }
              >
                <View
                  style={
                    Array [
                      Object {
                        "width": 32,
                      },
                    ]
                  }
                />
                <View
                  style={
                    Array [
                      Object {
                        "display": "flex",
                        "flexBasis": 0,
                        "flexGrow": 1,
                        "flexShrink": 1,
                        "justifyContent": "center",
                      },
                    ]
                  }
                >
                  <Text
                    style={
                      Array [
                        Object {
                          "color": "white",
                          "textAlign": "center",
                        },
                        Object {},
                      ]
                    }
                  >
                    demoScreen.howTo.test
                  </Text>
                </View>
                <View
                  style={
                    Array [
                      Object {
                        "width": 32,
                      },
                    ]
                  }
                />
              </View>
            </View>
          </View>
        </View>
        <View
          style={
            Object {
              "backgroundColor": "#eee",
            }
          }
        >
          <View
            style={
              Object {
                "borderBottomColor": "#e6e6e6",
                "borderBottomWidth": 1,
                "paddingBottom": 10,
                "paddingHorizontal": 10,
                "paddingTop": 20,
              }
            }
          >
            <View
              style={
                Object {
                  "borderTopColor": "#e6e6e6",
                  "borderTopWidth": 1,
                  "flexDirection": "row",
                  "left": 0,
                  "position": "absolute",
                  "right": 0,
                  "top": 0,
                }
              }
            >
              <Text
                style={
                  Object {
                    "color": "#666",
                    "fontSize": 10,
                    "paddingBottom": 2,
                    "paddingHorizontal": 4,
                  }
                }
              >
                Use Case
              </Text>
            </View>
            <View
              style={Object {}}
            >
              <Text
                style={
                  Object {
                    "color": "#3d3d3d",
                    "fontWeight": "600",
                  }
                }
              >
                leftIcon
              </Text>
            </View>
            <Text
              style={
                Object {
                  "color": "#666",
                  "fontSize": 10,
                  "paddingTop": 0,
                }
              }
            >
              A left nav icon
            </Text>
          </View>
          <View
            style={
              Object {
                "backgroundColor": "#fff",
                "padding": 0,
              }
            }
          >
            <View
              style={
                Object {
                  "backgroundColor": "#1d1d1d",
                  "flex": 1,
                }
              }
            >
              <View
                style={
                  Array [
                    Object {
                      "alignItems": "center",
                      "flexDirection": "row",
                      "justifyContent": "flex-start",
                      "paddingBottom": 24,
                      "paddingLeft": 16,
                      "paddingRight": 16,
                      "paddingTop": 24,
                    },
                  ]
                }
              >
                <View
                  accessible={true}
                  focusable={true}
                  onClick={[Function]}
                  onResponderGrant={[Function]}
                  onResponderMove={[Function]}
                  onResponderRelease={[Function]}
                  onResponderTerminate={[Function]}
                  onResponderTerminationRequest={[Function]}
                  onStartShouldSetResponder={[Function]}
                  style={
                    Object {
                      "alignItems": "flex-start",
                      "borderRadius": 4,
                      "justifyContent": "center",
                      "opacity": 1,
                      "paddingHorizontal": 0,
                      "paddingVertical": 0,
                    }
                  }
                >
                  <View>
                    <RCTImageView
                      internal_analyticTag={null}
                      resizeMode="contain"
                      source={
                        Array [
                          Object {
                            "height": undefined,
                            "uri": undefined,
                            "width": undefined,
                          },
                        ]
                      }
                      style={
                        Object {
                          "height": 100,
                          "overflow": "hidden",
                          "resizeMode": "contain",
                          "width": 100,
                        }
                      }
                    />
                  </View>
                </View>
                <View
                  style={
                    Array [
                      Object {
                        "display": "flex",
                        "flexBasis": 0,
                        "flexGrow": 1,
                        "flexShrink": 1,
                        "justifyContent": "center",
                      },
                    ]
                  }
                >
                  <Text
                    style={
                      Array [
                        Object {
                          "color": "white",
                          "textAlign": "center",
                        },
                        Object {},
                      ]
                    }
                  >
                    demoScreen.howTo.test
                  </Text>
                </View>
                <View
                  style={
                    Array [
                      Object {
                        "width": 32,
                      },
                    ]
                  }
                />
              </View>
            </View>
          </View>
        </View>
        <View
          style={
            Object {
              "backgroundColor": "#eee",
            }
          }
        >
          <View
            style={
              Object {
                "borderBottomColor": "#e6e6e6",
                "borderBottomWidth": 1,
                "paddingBottom": 10,
                "paddingHorizontal": 10,
                "paddingTop": 20,
              }
            }
          >
            <View
              style={
                Object {
                  "borderTopColor": "#e6e6e6",
                  "borderTopWidth": 1,
                  "flexDirection": "row",
                  "left": 0,
                  "position": "absolute",
                  "right": 0,
                  "top": 0,
                }
              }
            >
              <Text
                style={
                  Object {
                    "color": "#666",
                    "fontSize": 10,
                    "paddingBottom": 2,
                    "paddingHorizontal": 4,
                  }
                }
              >
                Use Case
              </Text>
            </View>
            <View
              style={Object {}}
            >
              <Text
                style={
                  Object {
                    "color": "#3d3d3d",
                    "fontWeight": "600",
                  }
                }
              >
                rightIcon
              </Text>
            </View>
            <Text
              style={
                Object {
                  "color": "#666",
                  "fontSize": 10,
                  "paddingTop": 0,
                }
              }
            >
              A right nav icon
            </Text>
          </View>
          <View
            style={
              Object {
                "backgroundColor": "#fff",
                "padding": 0,
              }
            }
          >
            <View
              style={
                Object {
                  "backgroundColor": "#1d1d1d",
                  "flex": 1,
                }
              }
            >
              <View
                style={
                  Array [
                    Object {
                      "alignItems": "center",
                      "flexDirection": "row",
                      "justifyContent": "flex-start",
                      "paddingBottom": 24,
                      "paddingLeft": 16,
                      "paddingRight": 16,
                      "paddingTop": 24,
                    },
                  ]
                }
              >
                <View
                  style={
                    Array [
                      Object {
                        "width": 32,
                      },
                    ]
                  }
                />
                <View
                  style={
                    Array [
                      Object {
                        "display": "flex",
                        "flexBasis": 0,
                        "flexGrow": 1,
                        "flexShrink": 1,
                        "justifyContent": "center",
                      },
                    ]
                  }
                >
                  <Text
                    style={
                      Array [
                        Object {
                          "color": "white",
                          "textAlign": "center",
                        },
                        Object {},
                      ]
                    }
                  >
                    demoScreen.howTo.test
                  </Text>
                </View>
                <View
                  accessible={true}
                  focusable={true}
                  onClick={[Function]}
                  onResponderGrant={[Function]}
                  onResponderMove={[Function]}
                  onResponderRelease={[Function]}
                  onResponderTerminate={[Function]}
                  onResponderTerminationRequest={[Function]}
                  onStartShouldSetResponder={[Function]}
                  style={
                    Object {
                      "alignItems": "flex-start",
                      "borderRadius": 4,
                      "justifyContent": "center",
                      "opacity": 1,
                      "paddingHorizontal": 0,
                      "paddingVertical": 0,
                    }
                  }
                >
                  <View>
                    <RCTImageView
                      internal_analyticTag={null}
                      resizeMode="contain"
                      source={
                        Array [
                          Object {
                            "height": undefined,
                            "uri": undefined,
                            "width": undefined,
                          },
                        ]
                      }
                      style={
                        Object {
                          "height": 100,
                          "overflow": "hidden",
                          "resizeMode": "contain",
                          "width": 100,
                        }
                      }
                    />
                  </View>
                </View>
              </View>
            </View>
          </View>
        </View>
      </View>
    </RCTScrollView>
  </View>
</View>
`;

exports[`Storyshots Icon Names 1`] = `
<View
  onLayout={[Function]}
  style={
    Array [
      Object {
        "backgroundColor": "#f0f0f0",
        "flex": 1,
      },
      Object {
        "paddingBottom": 0,
      },
    ]
  }
>
  <View
    style={
      Object {
        "flex": 1,
      }
    }
  >
    <RCTScrollView
      keyboardShouldPersistTaps="handled"
    >
      <View>
        <View
          style={
            Object {
              "backgroundColor": "#eee",
            }
          }
        >
          <View
            style={
              Object {
                "borderBottomColor": "#e6e6e6",
                "borderBottomWidth": 1,
                "paddingBottom": 10,
                "paddingHorizontal": 10,
                "paddingTop": 20,
              }
            }
          >
            <View
              style={
                Object {
                  "borderTopColor": "#e6e6e6",
                  "borderTopWidth": 1,
                  "flexDirection": "row",
                  "left": 0,
                  "position": "absolute",
                  "right": 0,
                  "top": 0,
                }
              }
            >
              <Text
                style={
                  Object {
                    "color": "#666",
                    "fontSize": 10,
                    "paddingBottom": 2,
                    "paddingHorizontal": 4,
                  }
                }
              >
                Use Case
              </Text>
            </View>
            <View
              style={Object {}}
            >
              <Text
                style={
                  Object {
                    "color": "#3d3d3d",
                    "fontWeight": "600",
                  }
                }
              >
                back
              </Text>
            </View>
            <Text
              style={
                Object {
                  "color": "#666",
                  "fontSize": 10,
                  "paddingTop": 0,
                }
              }
            >
              The icon for going back
            </Text>
          </View>
          <View
            style={
              Object {
                "backgroundColor": "#fff",
                "padding": 10,
              }
            }
          >
            <View>
              <RCTImageView
                internal_analyticTag={null}
                resizeMode="contain"
                source={
                  Array [
                    Object {
                      "height": undefined,
                      "uri": undefined,
                      "width": undefined,
                    },
                  ]
                }
                style={
                  Object {
                    "height": 100,
                    "overflow": "hidden",
                    "resizeMode": "contain",
                    "width": 100,
                  }
                }
              />
            </View>
          </View>
        </View>
        <View
          style={
            Object {
              "backgroundColor": "#eee",
            }
          }
        >
          <View
            style={
              Object {
                "borderBottomColor": "#e6e6e6",
                "borderBottomWidth": 1,
                "paddingBottom": 10,
                "paddingHorizontal": 10,
                "paddingTop": 20,
              }
            }
          >
            <View
              style={
                Object {
                  "borderTopColor": "#e6e6e6",
                  "borderTopWidth": 1,
                  "flexDirection": "row",
                  "left": 0,
                  "position": "absolute",
                  "right": 0,
                  "top": 0,
                }
              }
            >
              <Text
                style={
                  Object {
                    "color": "#666",
                    "fontSize": 10,
                    "paddingBottom": 2,
                    "paddingHorizontal": 4,
                  }
                }
              >
                Use Case
              </Text>
            </View>
            <View
              style={Object {}}
            >
              <Text
                style={
                  Object {
                    "color": "#3d3d3d",
                    "fontWeight": "600",
                  }
                }
              >
                bullet
              </Text>
            </View>
            <Text
              style={
                Object {
                  "color": "#666",
                  "fontSize": 10,
                  "paddingTop": 0,
                }
              }
            >
              The icon for a bullet point
            </Text>
          </View>
          <View
            style={
              Object {
                "backgroundColor": "#fff",
                "padding": 10,
              }
            }
          >
            <View>
              <RCTImageView
                internal_analyticTag={null}
                resizeMode="contain"
                source={
                  Array [
                    Object {
                      "height": undefined,
                      "uri": undefined,
                      "width": undefined,
                    },
                  ]
                }
                style={
                  Object {
                    "height": 100,
                    "overflow": "hidden",
                    "resizeMode": "contain",
                    "width": 100,
                  }
                }
              />
            </View>
          </View>
        </View>
      </View>
    </RCTScrollView>
  </View>
</View>
`;

exports[`Storyshots Text Passing Content 1`] = `
<View
  onLayout={[Function]}
  style={
    Array [
      Object {
        "backgroundColor": "#f0f0f0",
        "flex": 1,
      },
      Object {
        "paddingBottom": 0,
      },
    ]
  }
>
  <View
    style={
      Object {
        "flex": 1,
      }
    }
  >
    <RCTScrollView
      keyboardShouldPersistTaps="handled"
    >
      <View>
        <View
          style={
            Object {
              "backgroundColor": "#eee",
            }
          }
        >
          <View
            style={
              Object {
                "borderBottomColor": "#e6e6e6",
                "borderBottomWidth": 1,
                "paddingBottom": 10,
                "paddingHorizontal": 10,
                "paddingTop": 20,
              }
            }
          >
            <View
              style={
                Object {
                  "borderTopColor": "#e6e6e6",
                  "borderTopWidth": 1,
                  "flexDirection": "row",
                  "left": 0,
                  "position": "absolute",
                  "right": 0,
                  "top": 0,
                }
              }
            >
              <Text
                style={
                  Object {
                    "color": "#666",
                    "fontSize": 10,
                    "paddingBottom": 2,
                    "paddingHorizontal": 4,
                  }
                }
              >
                Use Case
              </Text>
            </View>
            <View
              style={Object {}}
            >
              <Text
                style={
                  Object {
                    "color": "#3d3d3d",
                    "fontWeight": "600",
                  }
                }
              >
                text
              </Text>
            </View>
            <Text
              style={
                Object {
                  "color": "#666",
                  "fontSize": 10,
                  "paddingTop": 0,
                }
              }
            >
              Used when you want to pass a value but don't want to open a child.
            </Text>
          </View>
          <View
            style={
              Object {
                "backgroundColor": "#fff",
                "padding": 10,
              }
            }
          >
            <View
              style={
                Object {
                  "backgroundColor": "#1d1d1d",
                  "flex": 1,
                }
              }
            >
              <Text
                style={
                  Array [
                    Object {
                      "color": "#ffffff",
                      "fontFamily": "Helvetica",
                      "fontSize": 15,
                    },
                    undefined,
                  ]
                }
              >
                Heyo!
              </Text>
            </View>
          </View>
        </View>
        <View
          style={
            Object {
              "backgroundColor": "#eee",
            }
          }
        >
          <View
            style={
              Object {
                "borderBottomColor": "#e6e6e6",
                "borderBottomWidth": 1,
                "paddingBottom": 10,
                "paddingHorizontal": 10,
                "paddingTop": 20,
              }
            }
          >
            <View
              style={
                Object {
                  "borderTopColor": "#e6e6e6",
                  "borderTopWidth": 1,
                  "flexDirection": "row",
                  "left": 0,
                  "position": "absolute",
                  "right": 0,
                  "top": 0,
                }
              }
            >
              <Text
                style={
                  Object {
                    "color": "#666",
                    "fontSize": 10,
                    "paddingBottom": 2,
                    "paddingHorizontal": 4,
                  }
                }
              >
                Use Case
              </Text>
            </View>
            <View
              style={Object {}}
            >
              <Text
                style={
                  Object {
                    "color": "#3d3d3d",
                    "fontWeight": "600",
                  }
                }
              >
                tx
              </Text>
            </View>
            <Text
              style={
                Object {
                  "color": "#666",
                  "fontSize": 10,
                  "paddingTop": 0,
                }
              }
            >
              Used for looking up i18n keys.
            </Text>
          </View>
          <View
            style={
              Object {
                "backgroundColor": "#fff",
                "padding": 10,
              }
            }
          >
            <View
              style={
                Object {
                  "backgroundColor": "#1d1d1d",
                  "flex": 1,
                }
              }
            >
              <Text
                style={
                  Array [
                    Object {
                      "color": "#ffffff",
                      "fontFamily": "Helvetica",
                      "fontSize": 15,
                    },
                    undefined,
                  ]
                }
              >
                common.ok.test
              </Text>
              <Text
                style={
                  Array [
                    Object {
                      "color": "#ffffff",
                      "fontFamily": "Helvetica",
                      "fontSize": 15,
                    },
                    undefined,
                  ]
                }
              >
                common.cancel.test
              </Text>
            </View>
          </View>
        </View>
        <View
          style={
            Object {
              "backgroundColor": "#eee",
            }
          }
        >
          <View
            style={
              Object {
                "borderBottomColor": "#e6e6e6",
                "borderBottomWidth": 1,
                "paddingBottom": 10,
                "paddingHorizontal": 10,
                "paddingTop": 20,
              }
            }
          >
            <View
              style={
                Object {
                  "borderTopColor": "#e6e6e6",
                  "borderTopWidth": 1,
                  "flexDirection": "row",
                  "left": 0,
                  "position": "absolute",
                  "right": 0,
                  "top": 0,
                }
              }
            >
              <Text
                style={
                  Object {
                    "color": "#666",
                    "fontSize": 10,
                    "paddingBottom": 2,
                    "paddingHorizontal": 4,
                  }
                }
              >
                Use Case
              </Text>
            </View>
            <View
              style={Object {}}
            >
              <Text
                style={
                  Object {
                    "color": "#3d3d3d",
                    "fontWeight": "600",
                  }
                }
              >
                children
              </Text>
            </View>
            <Text
              style={
                Object {
                  "color": "#666",
                  "fontSize": 10,
                  "paddingTop": 0,
                }
              }
            >
              Used like you would normally use a React Native &lt;Text&gt; component.
            </Text>
          </View>
          <View
            style={
              Object {
                "backgroundColor": "#fff",
                "padding": 10,
              }
            }
          >
            <View
              style={
                Object {
                  "backgroundColor": "#1d1d1d",
                  "flex": 1,
                }
              }
            >
              <Text
                style={
                  Array [
                    Object {
                      "color": "#ffffff",
                      "fontFamily": "Helvetica",
                      "fontSize": 15,
                    },
                    undefined,
                  ]
                }
              >
                Passing strings as children.
              </Text>
            </View>
          </View>
        </View>
        <View
          style={
            Object {
              "backgroundColor": "#eee",
            }
          }
        >
          <View
            style={
              Object {
                "borderBottomColor": "#e6e6e6",
                "borderBottomWidth": 1,
                "paddingBottom": 10,
                "paddingHorizontal": 10,
                "paddingTop": 20,
              }
            }
          >
            <View
              style={
                Object {
                  "borderTopColor": "#e6e6e6",
                  "borderTopWidth": 1,
                  "flexDirection": "row",
                  "left": 0,
                  "position": "absolute",
                  "right": 0,
                  "top": 0,
                }
              }
            >
              <Text
                style={
                  Object {
                    "color": "#666",
                    "fontSize": 10,
                    "paddingBottom": 2,
                    "paddingHorizontal": 4,
                  }
                }
              >
                Use Case
              </Text>
            </View>
            <View
              style={Object {}}
            >
              <Text
                style={
                  Object {
                    "color": "#3d3d3d",
                    "fontWeight": "600",
                  }
                }
              >
                nested children
              </Text>
            </View>
            <Text
              style={
                Object {
                  "color": "#666",
                  "fontSize": 10,
                  "paddingTop": 0,
                }
              }
            >
              You can embed them and change styles too.
            </Text>
          </View>
          <View
            style={
              Object {
                "backgroundColor": "#fff",
                "padding": 10,
              }
            }
          >
            <View
              style={
                Object {
                  "backgroundColor": "#1d1d1d",
                  "flex": 1,
                }
              }
            >
              <Text
                style={
                  Array [
                    Object {
                      "color": "#ffffff",
                      "fontFamily": "Helvetica",
                      "fontSize": 15,
                    },
                    undefined,
                  ]
                }
              >
                 
                Hello 
                <Text
                  style={
                    Array [
                      Object {
                        "color": "#ffffff",
                        "fontFamily": "Helvetica",
                        "fontSize": 15,
                        "fontWeight": "bold",
                      },
                      undefined,
                    ]
                  }
                >
                  bolded
                </Text>
                 World.
              </Text>
            </View>
          </View>
        </View>
      </View>
    </RCTScrollView>
  </View>
</View>
`;

exports[`Storyshots Text Style Presets 1`] = `
<View
  onLayout={[Function]}
  style={
    Array [
      Object {
        "backgroundColor": "#f0f0f0",
        "flex": 1,
      },
      Object {
        "paddingBottom": 0,
      },
    ]
  }
>
  <View
    style={
      Object {
        "flex": 1,
      }
    }
  >
    <RCTScrollView
      keyboardShouldPersistTaps="handled"
    >
      <View>
        <View
          style={
            Object {
              "backgroundColor": "#eee",
            }
          }
        >
          <View
            style={
              Object {
                "borderBottomColor": "#e6e6e6",
                "borderBottomWidth": 1,
                "paddingBottom": 10,
                "paddingHorizontal": 10,
                "paddingTop": 20,
              }
            }
          >
            <View
              style={
                Object {
                  "borderTopColor": "#e6e6e6",
                  "borderTopWidth": 1,
                  "flexDirection": "row",
                  "left": 0,
                  "position": "absolute",
                  "right": 0,
                  "top": 0,
                }
              }
            >
              <Text
                style={
                  Object {
                    "color": "#666",
                    "fontSize": 10,
                    "paddingBottom": 2,
                    "paddingHorizontal": 4,
                  }
                }
              >
                Use Case
              </Text>
            </View>
            <View
              style={Object {}}
            >
              <Text
                style={
                  Object {
                    "color": "#3d3d3d",
                    "fontWeight": "600",
                  }
                }
              >
                default
              </Text>
            </View>
            <Text
              style={
                Object {
                  "color": "#666",
                  "fontSize": 10,
                  "paddingTop": 0,
                }
              }
            >
              Used for normal body text.
            </Text>
          </View>
          <View
            style={
              Object {
                "backgroundColor": "#fff",
                "padding": 10,
              }
            }
          >
            <View
              style={
                Object {
                  "backgroundColor": "#1d1d1d",
                  "flex": 1,
                }
              }
            >
              <Text
                style={
                  Array [
                    Object {
                      "color": "#ffffff",
                      "fontFamily": "Helvetica",
                      "fontSize": 15,
                    },
                    undefined,
                  ]
                }
              >
                Hello!
              </Text>
              <Text
                style={
                  Array [
                    Object {
                      "color": "#ffffff",
                      "fontFamily": "Helvetica",
                      "fontSize": 15,
                    },
                    Object {
                      "paddingTop": 10,
                    },
                  ]
                }
              >
                Check out
                

                my
                

                line height
              </Text>
              <Text
                style={
                  Array [
                    Object {
                      "color": "#ffffff",
                      "fontFamily": "Helvetica",
                      "fontSize": 15,
                    },
                    Object {
                      "paddingTop": 10,
                    },
                  ]
                }
              >
                The quick brown fox jumped over the slow lazy dog.
              </Text>
              <Text
                style={
                  Array [
                    Object {
                      "color": "#ffffff",
                      "fontFamily": "Helvetica",
                      "fontSize": 15,
                    },
                    undefined,
                  ]
                }
              >
                $123,456,789.00
              </Text>
            </View>
          </View>
        </View>
        <View
          style={
            Object {
              "backgroundColor": "#eee",
            }
          }
        >
          <View
            style={
              Object {
                "borderBottomColor": "#e6e6e6",
                "borderBottomWidth": 1,
                "paddingBottom": 10,
                "paddingHorizontal": 10,
                "paddingTop": 20,
              }
            }
          >
            <View
              style={
                Object {
                  "borderTopColor": "#e6e6e6",
                  "borderTopWidth": 1,
                  "flexDirection": "row",
                  "left": 0,
                  "position": "absolute",
                  "right": 0,
                  "top": 0,
                }
              }
            >
              <Text
                style={
                  Object {
                    "color": "#666",
                    "fontSize": 10,
                    "paddingBottom": 2,
                    "paddingHorizontal": 4,
                  }
                }
              >
                Use Case
              </Text>
            </View>
            <View
              style={Object {}}
            >
              <Text
                style={
                  Object {
                    "color": "#3d3d3d",
                    "fontWeight": "600",
                  }
                }
              >
                bold
              </Text>
            </View>
            <Text
              style={
                Object {
                  "color": "#666",
                  "fontSize": 10,
                  "paddingTop": 0,
                }
              }
            >
              Used for bolded body text.
            </Text>
          </View>
          <View
            style={
              Object {
                "backgroundColor": "#fff",
                "padding": 10,
              }
            }
          >
            <View
              style={
                Object {
                  "backgroundColor": "#1d1d1d",
                  "flex": 1,
                }
              }
            >
              <Text
                style={
                  Array [
                    Object {
                      "color": "#ffffff",
                      "fontFamily": "Helvetica",
                      "fontSize": 15,
                      "fontWeight": "bold",
                    },
                    undefined,
                  ]
                }
              >
                Osnap! I'm puffy.
              </Text>
            </View>
          </View>
        </View>
        <View
          style={
            Object {
              "backgroundColor": "#eee",
            }
          }
        >
          <View
            style={
              Object {
                "borderBottomColor": "#e6e6e6",
                "borderBottomWidth": 1,
                "paddingBottom": 10,
                "paddingHorizontal": 10,
                "paddingTop": 20,
              }
            }
          >
            <View
              style={
                Object {
                  "borderTopColor": "#e6e6e6",
                  "borderTopWidth": 1,
                  "flexDirection": "row",
                  "left": 0,
                  "position": "absolute",
                  "right": 0,
                  "top": 0,
                }
              }
            >
              <Text
                style={
                  Object {
                    "color": "#666",
                    "fontSize": 10,
                    "paddingBottom": 2,
                    "paddingHorizontal": 4,
                  }
                }
              >
                Use Case
              </Text>
            </View>
            <View
              style={Object {}}
            >
              <Text
                style={
                  Object {
                    "color": "#3d3d3d",
                    "fontWeight": "600",
                  }
                }
              >
                header
              </Text>
            </View>
            <Text
              style={
                Object {
                  "color": "#666",
                  "fontSize": 10,
                  "paddingTop": 0,
                }
              }
            >
              Used for major section headers.
            </Text>
          </View>
          <View
            style={
              Object {
                "backgroundColor": "#fff",
                "padding": 10,
              }
            }
          >
            <View
              style={
                Object {
                  "backgroundColor": "#1d1d1d",
                  "flex": 1,
                }
              }
            >
              <Text
                style={
                  Array [
                    Object {
                      "color": "#ffffff",
                      "fontFamily": "Helvetica",
                      "fontSize": 24,
                      "fontWeight": "bold",
                    },
                    undefined,
                  ]
                }
              >
                Behold!
              </Text>
            </View>
          </View>
        </View>
      </View>
    </RCTScrollView>
  </View>
</View>
`;

exports[`Storyshots Text Styling 1`] = `
<View
  onLayout={[Function]}
  style={
    Array [
      Object {
        "backgroundColor": "#f0f0f0",
        "flex": 1,
      },
      Object {
        "paddingBottom": 0,
      },
    ]
  }
>
  <View
    style={
      Object {
        "flex": 1,
      }
    }
  >
    <RCTScrollView
      keyboardShouldPersistTaps="handled"
    >
      <View>
        <View
          style={
            Object {
              "backgroundColor": "#eee",
            }
          }
        >
          <View
            style={
              Object {
                "borderBottomColor": "#e6e6e6",
                "borderBottomWidth": 1,
                "paddingBottom": 10,
                "paddingHorizontal": 10,
                "paddingTop": 20,
              }
            }
          >
            <View
              style={
                Object {
                  "borderTopColor": "#e6e6e6",
                  "borderTopWidth": 1,
                  "flexDirection": "row",
                  "left": 0,
                  "position": "absolute",
                  "right": 0,
                  "top": 0,
                }
              }
            >
              <Text
                style={
                  Object {
                    "color": "#666",
                    "fontSize": 10,
                    "paddingBottom": 2,
                    "paddingHorizontal": 4,
                  }
                }
              >
                Use Case
              </Text>
            </View>
            <View
              style={Object {}}
            >
              <Text
                style={
                  Object {
                    "color": "#3d3d3d",
                    "fontWeight": "600",
                  }
                }
              >
                Style array
              </Text>
            </View>
            <Text
              style={
                Object {
                  "color": "#666",
                  "fontSize": 10,
                  "paddingTop": 0,
                }
              }
            >
              Text with style array
            </Text>
          </View>
          <View
            style={
              Object {
                "backgroundColor": "#fff",
                "padding": 10,
              }
            }
          >
            <View
              style={
                Array [
                  Object {
                    "backgroundColor": "#1d1d1d",
                    "flex": 1,
                  },
                  Object {
                    "backgroundColor": "#7fff00",
                  },
                ]
              }
            >
              <Text
                style={
                  Array [
                    Object {
                      "color": "#ffffff",
                      "fontFamily": "Helvetica",
                      "fontSize": 15,
                    },
                    undefined,
                  ]
                }
              >
                 
                Hello 
                <Text
                  style={
                    Array [
                      Object {
                        "color": "#ffffff",
                        "fontFamily": "Helvetica",
                        "fontSize": 15,
                        "fontWeight": "bold",
                      },
                      undefined,
                    ]
                  }
                >
                  bolded
                </Text>
                 World.
              </Text>
            </View>
          </View>
        </View>
      </View>
    </RCTScrollView>
  </View>
</View>
`;

exports[`Storyshots TextField Labelling 1`] = `
<View
  onLayout={[Function]}
  style={
    Array [
      Object {
        "backgroundColor": "#f0f0f0",
        "flex": 1,
      },
      Object {
        "paddingBottom": 0,
      },
    ]
  }
>
  <View
    style={
      Object {
        "flex": 1,
      }
    }
  >
    <RCTScrollView
      keyboardShouldPersistTaps="handled"
    >
      <View>
        <View
          style={
            Object {
              "backgroundColor": "#eee",
            }
          }
        >
          <View
            style={
              Object {
                "borderBottomColor": "#e6e6e6",
                "borderBottomWidth": 1,
                "paddingBottom": 10,
                "paddingHorizontal": 10,
                "paddingTop": 20,
              }
            }
          >
            <View
              style={
                Object {
                  "borderTopColor": "#e6e6e6",
                  "borderTopWidth": 1,
                  "flexDirection": "row",
                  "left": 0,
                  "position": "absolute",
                  "right": 0,
                  "top": 0,
                }
              }
            >
              <Text
                style={
                  Object {
                    "color": "#666",
                    "fontSize": 10,
                    "paddingBottom": 2,
                    "paddingHorizontal": 4,
                  }
                }
              >
                Use Case
              </Text>
            </View>
            <View
              style={Object {}}
            >
              <Text
                style={
                  Object {
                    "color": "#3d3d3d",
                    "fontWeight": "600",
                  }
                }
              >
                Normal text
              </Text>
            </View>
            <Text
              style={
                Object {
                  "color": "#666",
                  "fontSize": 10,
                  "paddingTop": 0,
                }
              }
            >
              Use placeholder and label to set the text.
            </Text>
          </View>
          <View
            style={
              Object {
                "backgroundColor": "#fff",
                "padding": 10,
              }
            }
          >
            <View
              style={
                Array [
                  Object {
                    "paddingVertical": 12,
                  },
                  Object {},
                  undefined,
                ]
              }
            >
              <Text
                style={
                  Array [
                    Object {
                      "color": "#939AA4",
                      "fontFamily": "Helvetica",
                      "fontSize": 13,
                    },
                    undefined,
                  ]
                }
              >
                Name
              </Text>
              <TextInput
                allowFontScaling={true}
                onChangeText={[Function]}
                placeholder="omg your name"
                placeholderTextColor="#CDD4DA"
                rejectResponderTermination={true}
                style={
                  Array [
                    Object {
                      "backgroundColor": "#ffffff",
                      "color": "#ffffff",
                      "fontFamily": "Helvetica",
                      "fontSize": 18,
                      "minHeight": 44,
                    },
                    undefined,
                  ]
                }
                underlineColorAndroid="rgba(0, 0, 0, 0)"
                value=""
              />
            </View>
          </View>
        </View>
        <View
          style={
            Object {
              "backgroundColor": "#eee",
            }
          }
        >
          <View
            style={
              Object {
                "borderBottomColor": "#e6e6e6",
                "borderBottomWidth": 1,
                "paddingBottom": 10,
                "paddingHorizontal": 10,
                "paddingTop": 20,
              }
            }
          >
            <View
              style={
                Object {
                  "borderTopColor": "#e6e6e6",
                  "borderTopWidth": 1,
                  "flexDirection": "row",
                  "left": 0,
                  "position": "absolute",
                  "right": 0,
                  "top": 0,
                }
              }
            >
              <Text
                style={
                  Object {
                    "color": "#666",
                    "fontSize": 10,
                    "paddingBottom": 2,
                    "paddingHorizontal": 4,
                  }
                }
              >
                Use Case
              </Text>
            </View>
            <View
              style={Object {}}
            >
              <Text
                style={
                  Object {
                    "color": "#3d3d3d",
                    "fontWeight": "600",
                  }
                }
              >
                i18n text
              </Text>
            </View>
            <Text
              style={
                Object {
                  "color": "#666",
                  "fontSize": 10,
                  "paddingTop": 0,
                }
              }
            >
              Use placeholderTx and labelTx for i18n lookups
            </Text>
          </View>
          <View
            style={
              Object {
                "backgroundColor": "#fff",
                "padding": 10,
              }
            }
          >
            <View
              style={
                Array [
                  Object {
                    "paddingVertical": 12,
                  },
                  Object {},
                  undefined,
                ]
              }
            >
              <Text
                style={
                  Array [
                    Object {
                      "color": "#939AA4",
                      "fontFamily": "Helvetica",
                      "fontSize": 13,
                    },
                    undefined,
                  ]
                }
              >
                storybook.field.test
              </Text>
              <TextInput
                allowFontScaling={true}
                onChangeText={[Function]}
                placeholder="storybook.placeholder.test"
                placeholderTextColor="#CDD4DA"
                rejectResponderTermination={true}
                style={
                  Array [
                    Object {
                      "backgroundColor": "#ffffff",
                      "color": "#ffffff",
                      "fontFamily": "Helvetica",
                      "fontSize": 18,
                      "minHeight": 44,
                    },
                    undefined,
                  ]
                }
                underlineColorAndroid="rgba(0, 0, 0, 0)"
                value=""
              />
            </View>
          </View>
        </View>
      </View>
    </RCTScrollView>
  </View>
</View>
`;

exports[`Storyshots TextField Ref Forwarding 1`] = `
<View
  onLayout={[Function]}
  style={
    Array [
      Object {
        "backgroundColor": "#f0f0f0",
        "flex": 1,
      },
      Object {
        "paddingBottom": 0,
      },
    ]
  }
>
  <View
    style={
      Object {
        "flex": 1,
      }
    }
  >
    <RCTScrollView
      keyboardShouldPersistTaps="handled"
    >
      <View>
        <View
          style={
            Object {
              "backgroundColor": "#eee",
            }
          }
        >
          <View
            style={
              Object {
                "borderBottomColor": "#e6e6e6",
                "borderBottomWidth": 1,
                "paddingBottom": 10,
                "paddingHorizontal": 10,
                "paddingTop": 20,
              }
            }
          >
            <View
              style={
                Object {
                  "borderTopColor": "#e6e6e6",
                  "borderTopWidth": 1,
                  "flexDirection": "row",
                  "left": 0,
                  "position": "absolute",
                  "right": 0,
                  "top": 0,
                }
              }
            >
              <Text
                style={
                  Object {
                    "color": "#666",
                    "fontSize": 10,
                    "paddingBottom": 2,
                    "paddingHorizontal": 4,
                  }
                }
              >
                Use Case
              </Text>
            </View>
            <View
              style={Object {}}
            >
              <Text
                style={
                  Object {
                    "color": "#3d3d3d",
                    "fontWeight": "600",
                  }
                }
              >
                Ref Forwarding
              </Text>
            </View>
          </View>
          <View
            style={
              Object {
                "backgroundColor": "#fff",
                "padding": 10,
              }
            }
          >
            <View
              style={
                Array [
                  Object {
                    "paddingVertical": 12,
                  },
                  Object {},
                  undefined,
                ]
              }
            >
              <Text
                style={
                  Array [
                    Object {
                      "color": "#939AA4",
                      "fontFamily": "Helvetica",
                      "fontSize": 13,
                    },
                    undefined,
                  ]
                }
              >
                Name
              </Text>
              <TextInput
                allowFontScaling={true}
                onChangeText={[Function]}
                onFocus={[Function]}
                placeholderTextColor="#CDD4DA"
                rejectResponderTermination={true}
                style={
                  Array [
                    Object {
                      "backgroundColor": "#ffffff",
                      "color": "#ffffff",
                      "fontFamily": "Helvetica",
                      "fontSize": 18,
                      "minHeight": 44,
                    },
                    Object {
                      "backgroundColor": "rebeccapurple",
                      "borderColor": "hotpink",
                      "borderRadius": 4,
                      "borderWidth": 10,
                      "color": "white",
                      "padding": 40,
                    },
                  ]
                }
                underlineColorAndroid="rgba(0, 0, 0, 0)"
                value="fancy colour"
              />
            </View>
            <Text
              style={
                Array [
                  Object {
                    "color": "#939AA4",
                    "fontFamily": "Helvetica",
                    "fontSize": 9,
                  },
                  undefined,
                ]
              }
            >
              * attention designers:  i am so sorry
            </Text>
          </View>
        </View>
      </View>
    </RCTScrollView>
  </View>
</View>
`;

exports[`Storyshots TextField Style Overrides 1`] = `
<View
  onLayout={[Function]}
  style={
    Array [
      Object {
        "backgroundColor": "#f0f0f0",
        "flex": 1,
      },
      Object {
        "paddingBottom": 0,
      },
    ]
  }
>
  <View
    style={
      Object {
        "flex": 1,
      }
    }
  >
    <RCTScrollView
      keyboardShouldPersistTaps="handled"
    >
      <View>
        <View
          style={
            Object {
              "backgroundColor": "#eee",
            }
          }
        >
          <View
            style={
              Object {
                "borderBottomColor": "#e6e6e6",
                "borderBottomWidth": 1,
                "paddingBottom": 10,
                "paddingHorizontal": 10,
                "paddingTop": 20,
              }
            }
          >
            <View
              style={
                Object {
                  "borderTopColor": "#e6e6e6",
                  "borderTopWidth": 1,
                  "flexDirection": "row",
                  "left": 0,
                  "position": "absolute",
                  "right": 0,
                  "top": 0,
                }
              }
            >
              <Text
                style={
                  Object {
                    "color": "#666",
                    "fontSize": 10,
                    "paddingBottom": 2,
                    "paddingHorizontal": 4,
                  }
                }
              >
                Use Case
              </Text>
            </View>
            <View
              style={Object {}}
            >
              <Text
                style={
                  Object {
                    "color": "#3d3d3d",
                    "fontWeight": "600",
                  }
                }
              >
                Container Styles
              </Text>
            </View>
            <Text
              style={
                Object {
                  "color": "#666",
                  "fontSize": 10,
                  "paddingTop": 0,
                }
              }
            >
              Useful for applying margins when laying out a form to remove padding if the form brings its own.
            </Text>
          </View>
          <View
            style={
              Object {
                "backgroundColor": "#fff",
                "padding": 0,
              }
            }
          >
            <View
              style={
                Array [
                  Object {
                    "paddingVertical": 12,
                  },
                  Object {},
                  Object {
                    "paddingHorizontal": 40,
                    "paddingTop": 0,
                  },
                ]
              }
            >
              <Text
                style={
                  Array [
                    Object {
                      "color": "#939AA4",
                      "fontFamily": "Helvetica",
                      "fontSize": 13,
                    },
                    undefined,
                  ]
                }
              >
                First Name
              </Text>
              <TextInput
                allowFontScaling={true}
                onChangeText={[Function]}
                placeholderTextColor="#CDD4DA"
                rejectResponderTermination={true}
                style={
                  Array [
                    Object {
                      "backgroundColor": "#ffffff",
                      "color": "#ffffff",
                      "fontFamily": "Helvetica",
                      "fontSize": 18,
                      "minHeight": 44,
                    },
                    undefined,
                  ]
                }
                underlineColorAndroid="rgba(0, 0, 0, 0)"
                value="Inigo"
              />
            </View>
            <View
              style={
                Array [
                  Object {
                    "paddingVertical": 12,
                  },
                  Object {},
                  Object {
                    "paddingBottom": 0,
                  },
                ]
              }
            >
              <Text
                style={
                  Array [
                    Object {
                      "color": "#939AA4",
                      "fontFamily": "Helvetica",
                      "fontSize": 13,
                    },
                    undefined,
                  ]
                }
              >
                Last Name
              </Text>
              <TextInput
                allowFontScaling={true}
                onChangeText={[Function]}
                placeholderTextColor="#CDD4DA"
                rejectResponderTermination={true}
                style={
                  Array [
                    Object {
                      "backgroundColor": "#ffffff",
                      "color": "#ffffff",
                      "fontFamily": "Helvetica",
                      "fontSize": 18,
                      "minHeight": 44,
                    },
                    undefined,
                  ]
                }
                underlineColorAndroid="rgba(0, 0, 0, 0)"
                value="Montoya"
              />
            </View>
          </View>
        </View>
        <View
          style={
            Object {
              "backgroundColor": "#eee",
            }
          }
        >
          <View
            style={
              Object {
                "borderBottomColor": "#e6e6e6",
                "borderBottomWidth": 1,
                "paddingBottom": 10,
                "paddingHorizontal": 10,
                "paddingTop": 20,
              }
            }
          >
            <View
              style={
                Object {
                  "borderTopColor": "#e6e6e6",
                  "borderTopWidth": 1,
                  "flexDirection": "row",
                  "left": 0,
                  "position": "absolute",
                  "right": 0,
                  "top": 0,
                }
              }
            >
              <Text
                style={
                  Object {
                    "color": "#666",
                    "fontSize": 10,
                    "paddingBottom": 2,
                    "paddingHorizontal": 4,
                  }
                }
              >
                Use Case
              </Text>
            </View>
            <View
              style={Object {}}
            >
              <Text
                style={
                  Object {
                    "color": "#3d3d3d",
                    "fontWeight": "600",
                  }
                }
              >
                Input Styles
              </Text>
            </View>
            <Text
              style={
                Object {
                  "color": "#666",
                  "fontSize": 10,
                  "paddingTop": 0,
                }
              }
            >
              Useful for 1-off exceptions.  Try to steer towards presets for this kind of thing.
            </Text>
          </View>
          <View
            style={
              Object {
                "backgroundColor": "#fff",
                "padding": 10,
              }
            }
          >
            <View
              style={
                Array [
                  Object {
                    "paddingVertical": 12,
                  },
                  Object {},
                  undefined,
                ]
              }
            >
              <Text
                style={
                  Array [
                    Object {
                      "color": "#939AA4",
                      "fontFamily": "Helvetica",
                      "fontSize": 13,
                    },
                    undefined,
                  ]
                }
              >
                Name
              </Text>
              <TextInput
                allowFontScaling={true}
                onChangeText={[Function]}
                placeholderTextColor="#CDD4DA"
                rejectResponderTermination={true}
                style={
                  Array [
                    Object {
                      "backgroundColor": "#ffffff",
                      "color": "#ffffff",
                      "fontFamily": "Helvetica",
                      "fontSize": 18,
                      "minHeight": 44,
                    },
                    Object {
                      "backgroundColor": "rebeccapurple",
                      "borderColor": "hotpink",
                      "borderRadius": 4,
                      "borderWidth": 10,
                      "color": "white",
                      "padding": 40,
                    },
                  ]
                }
                underlineColorAndroid="rgba(0, 0, 0, 0)"
                value="fancy colour"
              />
            </View>
            <Text
              style={
                Array [
                  Object {
                    "color": "#939AA4",
                    "fontFamily": "Helvetica",
                    "fontSize": 9,
                  },
                  undefined,
                ]
              }
            >
              * attention designers:  i am so sorry
            </Text>
          </View>
        </View>
        <View
          style={
            Object {
              "backgroundColor": "#eee",
            }
          }
        >
          <View
            style={
              Object {
                "borderBottomColor": "#e6e6e6",
                "borderBottomWidth": 1,
                "paddingBottom": 10,
                "paddingHorizontal": 10,
                "paddingTop": 20,
              }
            }
          >
            <View
              style={
                Object {
                  "borderTopColor": "#e6e6e6",
                  "borderTopWidth": 1,
                  "flexDirection": "row",
                  "left": 0,
                  "position": "absolute",
                  "right": 0,
                  "top": 0,
                }
              }
            >
              <Text
                style={
                  Object {
                    "color": "#666",
                    "fontSize": 10,
                    "paddingBottom": 2,
                    "paddingHorizontal": 4,
                  }
                }
              >
                Use Case
              </Text>
            </View>
            <View
              style={Object {}}
            >
              <Text
                style={
                  Object {
                    "color": "#3d3d3d",
                    "fontWeight": "600",
                  }
                }
              >
                Style array
              </Text>
            </View>
            <Text
              style={
                Object {
                  "color": "#666",
                  "fontSize": 10,
                  "paddingTop": 0,
                }
              }
            >
              Useful for 1-off exceptions, but using style arrays.
            </Text>
          </View>
          <View
            style={
              Object {
                "backgroundColor": "#fff",
                "padding": 10,
              }
            }
          >
            <View
              style={
                Array [
                  Object {
                    "paddingVertical": 12,
                  },
                  Object {},
                  Array [
                    Object {
                      "paddingHorizontal": 30,
                    },
                    Object {
                      "borderWidth": 30,
                    },
                  ],
                ]
              }
            >
              <Text
                style={
                  Array [
                    Object {
                      "color": "#939AA4",
                      "fontFamily": "Helvetica",
                      "fontSize": 13,
                    },
                    undefined,
                  ]
                }
              >
                Name
              </Text>
              <TextInput
                allowFontScaling={true}
                onChangeText={[Function]}
                placeholderTextColor="#CDD4DA"
                rejectResponderTermination={true}
                style={
                  Array [
                    Object {
                      "backgroundColor": "#ffffff",
                      "color": "#ffffff",
                      "fontFamily": "Helvetica",
                      "fontSize": 18,
                      "minHeight": 44,
                    },
                    Array [
                      Object {
                        "backgroundColor": "rebeccapurple",
                        "color": "white",
                        "padding": 40,
                      },
                      Object {
                        "borderColor": "#7fff00",
                        "borderRadius": 4,
                        "borderWidth": 10,
                      },
                    ],
                  ]
                }
                underlineColorAndroid="rgba(0, 0, 0, 0)"
                value="fancy colour"
              />
            </View>
            <Text
              style={
                Array [
                  Object {
                    "color": "#939AA4",
                    "fontFamily": "Helvetica",
                    "fontSize": 9,
                  },
                  undefined,
                ]
              }
            >
              * attention designers:  i am so sorry
            </Text>
          </View>
        </View>
      </View>
    </RCTScrollView>
  </View>
</View>
`;

exports[`Storyshots Wallpaper Style Presets 1`] = `
<View
  onLayout={[Function]}
  style={
    Array [
      Object {
        "backgroundColor": "#f0f0f0",
        "flex": 1,
      },
      Object {
        "paddingBottom": 0,
      },
    ]
  }
>
  <View
    style={
      Object {
        "flex": 1,
      }
    }
  >
    <RCTScrollView
      keyboardShouldPersistTaps="handled"
    >
      <View>
        <View
          style={
            Object {
              "backgroundColor": "#eee",
            }
          }
        >
          <View
            style={
              Object {
                "borderBottomColor": "#e6e6e6",
                "borderBottomWidth": 1,
                "paddingBottom": 10,
                "paddingHorizontal": 10,
                "paddingTop": 20,
              }
            }
          >
            <View
              style={
                Object {
                  "borderTopColor": "#e6e6e6",
                  "borderTopWidth": 1,
                  "flexDirection": "row",
                  "left": 0,
                  "position": "absolute",
                  "right": 0,
                  "top": 0,
                }
              }
            >
              <Text
                style={
                  Object {
                    "color": "#666",
                    "fontSize": 10,
                    "paddingBottom": 2,
                    "paddingHorizontal": 4,
                  }
                }
              >
                Use Case
              </Text>
            </View>
            <View
              style={Object {}}
            >
              <Text
                style={
                  Object {
                    "color": "#3d3d3d",
                    "fontWeight": "600",
                  }
                }
              >
                default/stretch
              </Text>
            </View>
            <Text
              style={
                Object {
                  "color": "#666",
                  "fontSize": 10,
                  "paddingTop": 0,
                }
              }
            >
              Full screen wallpaper image.
            </Text>
          </View>
          <View
            style={
              Object {
                "backgroundColor": "#fff",
                "padding": 10,
              }
            }
          >
            <RCTImageView
              internal_analyticTag={null}
              resizeMode="stretch"
              source={
                Array [
                  Object {
                    "height": undefined,
                    "uri": undefined,
                    "width": undefined,
                  },
                ]
              }
              style={
                Object {
                  "bottom": 0,
                  "height": null,
                  "left": 0,
                  "overflow": "hidden",
                  "position": "absolute",
                  "resizeMode": "stretch",
                  "right": 0,
                  "top": 0,
                  "width": null,
                }
              }
            />
          </View>
        </View>
      </View>
    </RCTScrollView>
  </View>
</View>
`;
